============================= test session starts =============================
platform win32 -- Python 3.12.0, pytest-7.3.1, pluggy-1.6.0
rootdir: C:\Users\guyben\Desktop\blockchain\blockchain_lab
configfile: pytest.ini
plugins: anyio-3.7.1, asyncio-0.21.1
asyncio: mode=Mode.STRICT
collected 24 items

tests\test_bloom_light_wallet.py ...                                     [ 12%]
tests\test_core_models.py .......                                        [ 41%]
tests\test_fees_and_mempool.py ......                                    [ 66%]
tests\test_merkle.py ...                                                 [ 79%]
tests\test_mining.py ..                                                  [ 87%]
tests\test_smoke.py ...                                                  [100%]

============================= 24 passed in 0.21s ==============================
